// Jest Snapshot v1, https://goo.gl/fbAQLP

exports[`it matches snapshot 1`] = `
<div>
  <div
    class="account-settings-menu-container"
  >
    <p
      class="account-settings-menu-title"
    >
      Account Settings
    </p>
    <nav
      class="account-settings-menu-link-menu"
    >
      <a
        class="account-settings-menu-link-active"
        href="/account-settings/update-profile"
      >
        Update Profile
      </a>
      <a
        class="account-settings-menu-link-text"
        href="/account-settings/change-email"
      >
        Change Email
      </a>
      <a
        class="account-settings-menu-link-text"
        href="/account-settings/change-password"
      >
        Change Password
      </a>
      <a
        class="account-settings-menu-link-text"
        href="/account-settings/close-account"
      >
        Close Account
      </a>
      <a
        class="account-settings-menu-link-text"
        href="/account-settings/set-up-totp"
      >
        Set Up TOTP
      </a>
    </nav>
  </div>
</div>
`;
